[0.011s] Invoking command in '/home/aa274/autonomy_ws/src/rotonomy/build/s2_basic': CMAKE_PREFIX_PATH=${CMAKE_PREFIX_PATH}:/opt/ros/humble /usr/bin/cmake /home/aa274/autonomy_ws/src/rotonomy/s2_basic -DCMAKE_EXPORT_COMPILE_COMMANDS=ON -DCMAKE_BUILD_TYPE=RelWithDebInfo -DAMENT_CMAKE_SYMLINK_INSTALL=1 -DCMAKE_INSTALL_PREFIX=/home/aa274/autonomy_ws/src/rotonomy/install/s2_basic
[0.055s] -- The C compiler identification is GNU 11.4.0
[0.098s] -- The CXX compiler identification is GNU 11.4.0
[0.102s] -- Detecting C compiler ABI info
[0.153s] -- Detecting C compiler ABI info - done
[0.158s] -- Check for working C compiler: /usr/bin/cc - skipped
[0.159s] -- Detecting C compile features
[0.159s] -- Detecting C compile features - done
[0.160s] -- Detecting CXX compiler ABI info
[0.226s] -- Detecting CXX compiler ABI info - done
[0.233s] -- Check for working CXX compiler: /usr/bin/c++ - skipped
[0.233s] -- Detecting CXX compile features
[0.234s] -- Detecting CXX compile features - done
[0.236s] -- Found ament_cmake: 1.3.11 (/opt/ros/humble/share/ament_cmake/cmake)
[0.476s] -- Found Python3: /usr/bin/python3 (found version "3.10.12") found components: Interpreter 
[0.519s] -- Override CMake install command with custom implementation using symlinks instead of copying resources
[0.542s] -- Found ament_lint_auto: 0.12.11 (/opt/ros/humble/share/ament_lint_auto/cmake)
[0.595s] -- Added test 'flake8' to check Python code syntax and style conventions
[0.596s] -- Added test 'lint_cmake' to check CMake code style
[0.596s] -- Added test 'pep257' to check Python code against some of the docstring style conventions in PEP 257
[0.597s] -- Added test 'xmllint' to check XML markup files
[0.598s] -- Configuring done
[0.599s] -- Generating done
[0.599s] [33mCMake Warning:
[0.600s]   Manually-specified variables were not used by the project:
[0.600s] 
[0.600s]     CMAKE_EXPORT_COMPILE_COMMANDS
[0.600s] 
[0.600s] [0m
[0.600s] -- Build files have been written to: /home/aa274/autonomy_ws/src/rotonomy/build/s2_basic
[0.604s] Invoked command in '/home/aa274/autonomy_ws/src/rotonomy/build/s2_basic' returned '0': CMAKE_PREFIX_PATH=${CMAKE_PREFIX_PATH}:/opt/ros/humble /usr/bin/cmake /home/aa274/autonomy_ws/src/rotonomy/s2_basic -DCMAKE_EXPORT_COMPILE_COMMANDS=ON -DCMAKE_BUILD_TYPE=RelWithDebInfo -DAMENT_CMAKE_SYMLINK_INSTALL=1 -DCMAKE_INSTALL_PREFIX=/home/aa274/autonomy_ws/src/rotonomy/install/s2_basic
[0.605s] Invoking command in '/home/aa274/autonomy_ws/src/rotonomy/build/s2_basic': CMAKE_PREFIX_PATH=${CMAKE_PREFIX_PATH}:/opt/ros/humble /usr/bin/cmake --build /home/aa274/autonomy_ws/src/rotonomy/build/s2_basic -- -j14 -l14
[0.638s] Invoked command in '/home/aa274/autonomy_ws/src/rotonomy/build/s2_basic' returned '0': CMAKE_PREFIX_PATH=${CMAKE_PREFIX_PATH}:/opt/ros/humble /usr/bin/cmake --build /home/aa274/autonomy_ws/src/rotonomy/build/s2_basic -- -j14 -l14
[0.661s] Invoking command in '/home/aa274/autonomy_ws/src/rotonomy/build/s2_basic': CMAKE_PREFIX_PATH=${CMAKE_PREFIX_PATH}:/opt/ros/humble /usr/bin/cmake --install /home/aa274/autonomy_ws/src/rotonomy/build/s2_basic
[0.664s] -- Install configuration: "RelWithDebInfo"
[0.664s] -- Execute custom install script
[0.664s] -- Symlinking: /home/aa274/autonomy_ws/src/rotonomy/install/s2_basic/lib/s2_basic/constant_control.py
[0.671s] -- Symlinking: /home/aa274/autonomy_ws/src/rotonomy/install/s2_basic/share/ament_index/resource_index/package_run_dependencies/s2_basic
[0.676s] -- Symlinking: /home/aa274/autonomy_ws/src/rotonomy/install/s2_basic/share/ament_index/resource_index/parent_prefix_path/s2_basic
[0.681s] -- Symlinking: /home/aa274/autonomy_ws/src/rotonomy/install/s2_basic/share/s2_basic/environment/ament_prefix_path.sh
[0.687s] -- Symlinking: /home/aa274/autonomy_ws/src/rotonomy/install/s2_basic/share/s2_basic/environment/ament_prefix_path.dsv
[0.692s] -- Symlinking: /home/aa274/autonomy_ws/src/rotonomy/install/s2_basic/share/s2_basic/environment/path.sh
[0.698s] -- Symlinking: /home/aa274/autonomy_ws/src/rotonomy/install/s2_basic/share/s2_basic/environment/path.dsv
[0.704s] -- Symlinking: /home/aa274/autonomy_ws/src/rotonomy/install/s2_basic/share/s2_basic/local_setup.bash
[0.710s] -- Symlinking: /home/aa274/autonomy_ws/src/rotonomy/install/s2_basic/share/s2_basic/local_setup.sh
[0.716s] -- Symlinking: /home/aa274/autonomy_ws/src/rotonomy/install/s2_basic/share/s2_basic/local_setup.zsh
[0.722s] -- Symlinking: /home/aa274/autonomy_ws/src/rotonomy/install/s2_basic/share/s2_basic/local_setup.dsv
[0.727s] -- Symlinking: /home/aa274/autonomy_ws/src/rotonomy/install/s2_basic/share/s2_basic/package.dsv
[0.732s] -- Symlinking: /home/aa274/autonomy_ws/src/rotonomy/install/s2_basic/share/ament_index/resource_index/packages/s2_basic
[0.738s] -- Symlinking: /home/aa274/autonomy_ws/src/rotonomy/install/s2_basic/share/s2_basic/cmake/s2_basicConfig.cmake
[0.743s] -- Symlinking: /home/aa274/autonomy_ws/src/rotonomy/install/s2_basic/share/s2_basic/cmake/s2_basicConfig-version.cmake
[0.749s] -- Symlinking: /home/aa274/autonomy_ws/src/rotonomy/install/s2_basic/share/s2_basic/package.xml
[0.757s] Invoked command in '/home/aa274/autonomy_ws/src/rotonomy/build/s2_basic' returned '0': CMAKE_PREFIX_PATH=${CMAKE_PREFIX_PATH}:/opt/ros/humble /usr/bin/cmake --install /home/aa274/autonomy_ws/src/rotonomy/build/s2_basic
