[0.014s] Invoking command in '/home/aa274/autonomy_ws/src/rotonomy/build/s2_basic': CMAKE_PREFIX_PATH=${CMAKE_PREFIX_PATH}:/opt/ros/humble /usr/bin/cmake --build /home/aa274/autonomy_ws/src/rotonomy/build/s2_basic -- -j14 -l14
[0.046s] Invoked command in '/home/aa274/autonomy_ws/src/rotonomy/build/s2_basic' returned '0': CMAKE_PREFIX_PATH=${CMAKE_PREFIX_PATH}:/opt/ros/humble /usr/bin/cmake --build /home/aa274/autonomy_ws/src/rotonomy/build/s2_basic -- -j14 -l14
[0.073s] Invoking command in '/home/aa274/autonomy_ws/src/rotonomy/build/s2_basic': CMAKE_PREFIX_PATH=${CMAKE_PREFIX_PATH}:/opt/ros/humble /usr/bin/cmake --install /home/aa274/autonomy_ws/src/rotonomy/build/s2_basic
[0.080s] -- Install configuration: "RelWithDebInfo"
[0.080s] -- Execute custom install script
[0.080s] -- Up-to-date symlink: /home/aa274/autonomy_ws/src/rotonomy/install/s2_basic/lib/s2_basic/constant_control.py
[0.080s] -- Up-to-date symlink: /home/aa274/autonomy_ws/src/rotonomy/install/s2_basic/share/ament_index/resource_index/package_run_dependencies/s2_basic
[0.080s] -- Up-to-date symlink: /home/aa274/autonomy_ws/src/rotonomy/install/s2_basic/share/ament_index/resource_index/parent_prefix_path/s2_basic
[0.080s] -- Up-to-date symlink: /home/aa274/autonomy_ws/src/rotonomy/install/s2_basic/share/s2_basic/environment/ament_prefix_path.sh
[0.080s] -- Up-to-date symlink: /home/aa274/autonomy_ws/src/rotonomy/install/s2_basic/share/s2_basic/environment/ament_prefix_path.dsv
[0.081s] -- Up-to-date symlink: /home/aa274/autonomy_ws/src/rotonomy/install/s2_basic/share/s2_basic/environment/path.sh
[0.081s] -- Up-to-date symlink: /home/aa274/autonomy_ws/src/rotonomy/install/s2_basic/share/s2_basic/environment/path.dsv
[0.081s] -- Up-to-date symlink: /home/aa274/autonomy_ws/src/rotonomy/install/s2_basic/share/s2_basic/local_setup.bash
[0.081s] -- Up-to-date symlink: /home/aa274/autonomy_ws/src/rotonomy/install/s2_basic/share/s2_basic/local_setup.sh
[0.081s] -- Up-to-date symlink: /home/aa274/autonomy_ws/src/rotonomy/install/s2_basic/share/s2_basic/local_setup.zsh
[0.081s] -- Up-to-date symlink: /home/aa274/autonomy_ws/src/rotonomy/install/s2_basic/share/s2_basic/local_setup.dsv
[0.081s] -- Symlinking: /home/aa274/autonomy_ws/src/rotonomy/install/s2_basic/share/s2_basic/package.dsv
[0.087s] -- Up-to-date symlink: /home/aa274/autonomy_ws/src/rotonomy/install/s2_basic/share/ament_index/resource_index/packages/s2_basic
[0.087s] -- Up-to-date symlink: /home/aa274/autonomy_ws/src/rotonomy/install/s2_basic/share/s2_basic/cmake/s2_basicConfig.cmake
[0.087s] -- Up-to-date symlink: /home/aa274/autonomy_ws/src/rotonomy/install/s2_basic/share/s2_basic/cmake/s2_basicConfig-version.cmake
[0.088s] -- Up-to-date symlink: /home/aa274/autonomy_ws/src/rotonomy/install/s2_basic/share/s2_basic/package.xml
[0.089s] Invoked command in '/home/aa274/autonomy_ws/src/rotonomy/build/s2_basic' returned '0': CMAKE_PREFIX_PATH=${CMAKE_PREFIX_PATH}:/opt/ros/humble /usr/bin/cmake --install /home/aa274/autonomy_ws/src/rotonomy/build/s2_basic
